// Jest Snapshot v1, https://goo.gl/fbAQLP

exports[`<Map /> render 1`] = `ReactWrapper {}`;
