// Jest Snapshot v1, https://goo.gl/fbAQLP

exports[`Main render 1`] = `ReactWrapper {}`;
